[    0.000000] Linux version 4.15.0-213-generic (buildd@lcy02-amd64-079) (gcc version 7.5.0 (Ubuntu 7.5.0-3ubuntu1~18.04)) #224-Ubuntu SMP Mon Jun 19 13:30:12 UTC 2023 (Ubuntu 4.15.0-213.224-generic 4.15.18)
[    0.000000] Command line: BOOT_IMAGE=/boot/vmlinuz-4.15.0-213-generic root=UUID=f685bb41-0e3b-40c4-89c1-eea0f0583525 ro console=tty1 console=ttyS0
[    0.000000] KERNEL supported cpus:
[    0.000000]   Intel GenuineIntel
[    0.000000]   AMD AuthenticAMD
[    0.000000]   Centaur CentaurHauls
[    0.000000] [Firmware Bug]: TSC doesn't count with P0 frequency!
[    0.000000] x86/fpu: Supporting XSAVE feature 0x001: 'x87 floating point registers'
[    0.000000] x86/fpu: Supporting XSAVE feature 0x002: 'SSE registers'
[    0.000000] x86/fpu: Supporting XSAVE feature 0x004: 'AVX registers'
[    0.000000] x86/fpu: xstate_offset[2]:  576, xstate_sizes[2]:  256
[    0.000000] x86/fpu: Enabled xstate features 0x7, context size is 832 bytes, using 'standard' format.
[    0.000000] e820: BIOS-provided physical RAM map:
[    0.000000] BIOS-e820: [mem 0x0000000000000000-0x000000000009fbff] usable
[    0.000000] BIOS-e820: [mem 0x000000000009fc00-0x000000000009ffff] reserved
[    0.000000] BIOS-e820: [mem 0x00000000000f0000-0x00000000000fffff] reserved
[    0.000000] BIOS-e820: [mem 0x0000000000100000-0x000000003ffeffff] usable
[    0.000000] BIOS-e820: [mem 0x000000003fff0000-0x000000003fffffff] ACPI data
[    0.000000] BIOS-e820: [mem 0x00000000fec00000-0x00000000fec00fff] reserved
[    0.000000] BIOS-e820: [mem 0x00000000fee00000-0x00000000fee00fff] reserved
[    0.000000] BIOS-e820: [mem 0x00000000fffc0000-0x00000000ffffffff] reserved
[    0.000000] NX (Execute Disable) protection: active
[    0.000000] SMBIOS 2.5 present.
[    0.000000] DMI: innotek GmbH VirtualBox/VirtualBox, BIOS VirtualBox 12/01/2006
[    0.000000] Hypervisor detected: KVM
[    0.000000] e820: last_pfn = 0x3fff0 max_arch_pfn = 0x400000000
[    0.000000] x86/PAT: Configuration [0-7]: WB  WC  UC- UC  WB  WP  UC- WT  
[    0.000000] found SMP MP-table at [mem 0x0009fbf0-0x0009fbff]
[    0.000000] Scanning 1 areas for low memory corruption
[    0.000000] RAMDISK: [mem 0x35819000-0x36c03fff]
[    0.000000] ACPI: Early table checksum verification disabled
[    0.000000] ACPI: RSDP 0x00000000000E0000 000024 (v02 VBOX  )
[    0.000000] ACPI: XSDT 0x000000003FFF0030 00003C (v01 VBOX   VBOXXSDT 00000001 ASL  00000061)
[    0.000000] ACPI: FACP 0x000000003FFF00F0 0000F4 (v04 VBOX   VBOXFACP 00000001 ASL  00000061)
[    0.000000] ACPI: DSDT 0x000000003FFF0610 002353 (v02 VBOX   VBOXBIOS 00000002 INTL 20230628)
[    0.000000] ACPI: FACS 0x000000003FFF0200 000040
[    0.000000] ACPI: FACS 0x000000003FFF0200 000040
[    0.000000] ACPI: APIC 0x000000003FFF0240 00005C (v02 VBOX   VBOXAPIC 00000001 ASL  00000061)
[    0.000000] ACPI: SSDT 0x000000003FFF02A0 00036C (v01 VBOX   VBOXCPUT 00000002 INTL 20230628)
[    0.000000] ACPI: Reserving FACP table memory at [mem 0x3fff00f0-0x3fff01e3]
[    0.000000] ACPI: Reserving DSDT table memory at [mem 0x3fff0610-0x3fff2962]
[    0.000000] ACPI: Reserving FACS table memory at [mem 0x3fff0200-0x3fff023f]
[    0.000000] ACPI: Reserving FACS table memory at [mem 0x3fff0200-0x3fff023f]
[    0.000000] ACPI: Reserving APIC table memory at [mem 0x3fff0240-0x3fff029b]
[    0.000000] ACPI: Reserving SSDT table memory at [mem 0x3fff02a0-0x3fff060b]
[    0.000000] No NUMA configuration found
[    0.000000] Faking a node at [mem 0x0000000000000000-0x000000003ffeffff]
[    0.000000] NODE_DATA(0) allocated [mem 0x3ffc5000-0x3ffeffff]
[    0.000000] kvm-clock: cpu 0, msr 0:3ff44001, primary cpu clock
[    0.000000] kvm-clock: Using msrs 4b564d01 and 4b564d00
[    0.000000] kvm-clock: using sched offset of 2802269278 cycles
[    0.000000] clocksource: kvm-clock: mask: 0xffffffffffffffff max_cycles: 0x1cd42e4dffb, max_idle_ns: 881590591483 ns
[    0.000000] Zone ranges:
[    0.000000]   DMA      [mem 0x0000000000001000-0x0000000000ffffff]
[    0.000000]   DMA32    [mem 0x0000000001000000-0x000000003ffeffff]
[    0.000000]   Normal   empty
[    0.000000]   Device   empty
[    0.000000] Movable zone start for each node
[    0.000000] Early memory node ranges
[    0.000000]   node   0: [mem 0x0000000000001000-0x000000000009efff]
[    0.000000]   node   0: [mem 0x0000000000100000-0x000000003ffeffff]
[    0.000000] Reserved but unavailable: 104 pages
[    0.000000] Initmem setup node 0 [mem 0x0000000000001000-0x000000003ffeffff]
[    0.000000] ACPI: PM-Timer IO Port: 0x4008
[    0.000000] IOAPIC[0]: apic_id 2, version 32, address 0xfec00000, GSI 0-23
[    0.000000] ACPI: INT_SRC_OVR (bus 0 bus_irq 0 global_irq 2 dfl dfl)
[    0.000000] ACPI: INT_SRC_OVR (bus 0 bus_irq 9 global_irq 9 low level)
[    0.000000] Using ACPI (MADT) for SMP configuration information
[    0.000000] smpboot: Allowing 2 CPUs, 0 hotplug CPUs
[    0.000000] PM: Registered nosave memory: [mem 0x00000000-0x00000fff]
[    0.000000] PM: Registered nosave memory: [mem 0x0009f000-0x0009ffff]
[    0.000000] PM: Registered nosave memory: [mem 0x000a0000-0x000effff]
[    0.000000] PM: Registered nosave memory: [mem 0x000f0000-0x000fffff]
[    0.000000] e820: [mem 0x40000000-0xfebfffff] available for PCI devices
[    0.000000] Booting paravirtualized kernel on KVM
[    0.000000] clocksource: refined-jiffies: mask: 0xffffffff max_cycles: 0xffffffff, max_idle_ns: 7645519600211568 ns
[    0.000000] setup_percpu: NR_CPUS:8192 nr_cpumask_bits:2 nr_cpu_ids:2 nr_node_ids:1
[    0.000000] percpu: Embedded 50 pages/cpu s167936 r8192 d28672 u1048576
[    0.000000] PV qspinlock hash table entries: 256 (order: 0, 4096 bytes)
[    0.000000] Built 1 zonelists, mobility grouping on.  Total pages: 257913
[    0.000000] Policy zone: DMA32
[    0.000000] Kernel command line: BOOT_IMAGE=/boot/vmlinuz-4.15.0-213-generic root=UUID=f685bb41-0e3b-40c4-89c1-eea0f0583525 ro console=tty1 console=ttyS0
[    0.000000] Memory: 981776K/1048120K available (12300K kernel code, 2477K rwdata, 4324K rodata, 2480K init, 2720K bss, 66344K reserved, 0K cma-reserved)
[    0.000000] SLUB: HWalign=64, Order=0-3, MinObjects=0, CPUs=2, Nodes=1
[    0.000000] ftrace: allocating 39508 entries in 155 pages
[    0.004000] Hierarchical RCU implementation.
[    0.004000] 	RCU restricting CPUs from NR_CPUS=8192 to nr_cpu_ids=2.
[    0.004000] 	Tasks RCU enabled.
[    0.004000] RCU: Adjusting geometry for rcu_fanout_leaf=16, nr_cpu_ids=2
[    0.004000] NR_IRQS: 524544, nr_irqs: 440, preallocated irqs: 16
[    0.004000] random: crng init done
[    0.004000] Console: colour VGA+ 80x25
[    0.004000] console [tty1] enabled
[    0.004000] console [ttyS0] enabled
[    0.004000] ACPI: Core revision 20170831
[    0.004000] ACPI: 2 ACPI AML tables successfully acquired and loaded
[    0.004000] APIC: Switch to symmetric I/O mode setup
[    0.004000] x2apic enabled
[    0.004000] Switched APIC routing to physical x2apic.
[    0.004000] ..TIMER: vector=0x30 apic1=0 pin1=2 apic2=-1 pin2=-1
[    0.004000] tsc: Detected 4294.964 MHz processor
[    0.004000] Calibrating delay loop (skipped) preset value.. 8589.92 BogoMIPS (lpj=17179856)
[    0.004000] pid_max: default: 32768 minimum: 301
[    0.004000] Security Framework initialized
[    0.004000] Yama: becoming mindful.
[    0.004000] AppArmor: AppArmor initialized
[    0.004000] Dentry cache hash table entries: 131072 (order: 8, 1048576 bytes)
[    0.004000] Inode-cache hash table entries: 65536 (order: 7, 524288 bytes)
[    0.004000] Mount-cache hash table entries: 2048 (order: 2, 16384 bytes)
[    0.004000] Mountpoint-cache hash table entries: 2048 (order: 2, 16384 bytes)
[    0.004000] Last level iTLB entries: 4KB 64, 2MB 64, 4MB 32
[    0.004000] Last level dTLB entries: 4KB 128, 2MB 128, 4MB 64, 1GB 0
[    0.004000] Spectre V1 : Mitigation: usercopy/swapgs barriers and __user pointer sanitization
[    0.004000] Spectre V2 : Mitigation: Retpolines
[    0.004000] Spectre V2 : Spectre v2 / SpectreRSB mitigation: Filling RSB on context switch
[    0.004000] Spectre V2 : Spectre v2 / SpectreRSB : Filling RSB on VMEXIT
[    0.004000] Spectre V2 : mitigation: Enabling conditional Indirect Branch Prediction Barrier
[    0.004000] Freeing SMP alternatives memory: 36K
[    0.106870] APIC calibration not consistent with PM-Timer: 92ms instead of 100ms
[    0.107505] APIC delta adjusted to PM-Timer: 6274894 (5817084)
[    0.107985] smpboot: CPU0: AMD Ryzen 7 9800X3D 8-Core Processor (family: 0x1a, model: 0x44, stepping: 0x0)
[    0.108000] Performance Events: PMU not available due to virtualization, using software events only.
[    0.108000] Hierarchical SRCU implementation.
[    0.108000] NMI watchdog: Perf event create on CPU 0 failed with -2
[    0.108000] NMI watchdog: Perf NMI watchdog permanently disabled
[    0.108000] smp: Bringing up secondary CPUs ...
[    0.108000] x86: Booting SMP configuration:
[    0.108000] .... node  #0, CPUs:      #1
[    0.004000] kvm-clock: cpu 1, msr 0:3ff44041, secondary cpu clock
[    0.110486] smp: Brought up 1 node, 2 CPUs
[    0.110486] smpboot: Max logical packages: 1
[    0.110486] smpboot: Total of 2 processors activated (17179.85 BogoMIPS)
[    0.110486] devtmpfs: initialized
[    0.110486] x86/mm: Memory block size: 128MB
[    0.110486] evm: security.selinux
[    0.110486] evm: security.SMACK64
[    0.110486] evm: security.SMACK64EXEC
[    0.110486] evm: security.SMACK64TRANSMUTE
[    0.110486] evm: security.SMACK64MMAP
[    0.110486] evm: security.apparmor
[    0.110687] evm: security.ima
[    0.112001] evm: security.capability
[    0.112328] clocksource: jiffies: mask: 0xffffffff max_cycles: 0xffffffff, max_idle_ns: 7645041785100000 ns
[    0.112769] futex hash table entries: 512 (order: 3, 32768 bytes)
[    0.113442] pinctrl core: initialized pinctrl subsystem
[    0.113924] RTC time: 15:20:02, date: 07/04/25
[    0.114357] NET: Registered protocol family 16
[    0.114755] audit: initializing netlink subsys (disabled)
[    0.116008] audit: type=2000 audit(1751642405.873:1): state=initialized audit_enabled=0 res=1
[    0.116688] cpuidle: using governor ladder
[    0.116688] cpuidle: using governor menu
[    0.116688] ACPI: bus type PCI registered
[    0.116688] acpiphp: ACPI Hot Plug PCI Controller Driver version: 0.5
[    0.116913] PCI: Using configuration type 1 for base access
[    0.120002] PCI: Using configuration type 1 for extended access
[    0.120475] HugeTLB registered 2.00 MiB page size, pre-allocated 0 pages
[    0.120504] ACPI: Added _OSI(Module Device)
[    0.120504] ACPI: Added _OSI(Processor Device)
[    0.120706] ACPI: Added _OSI(3.0 _SCP Extensions)
[    0.120706] ACPI: Added _OSI(Processor Aggregator Device)
[    0.120706] ACPI: Added _OSI(Linux-Dell-Video)
[    0.120747] ACPI: Added _OSI(Linux-Lenovo-NV-HDMI-Audio)
[    0.121153] ACPI: Added _OSI(Linux-HPI-Hybrid-Graphics)
[    0.121685] ACPI: Executed 1 blocks of module-level executable AML code
[    0.123419] ACPI: Interpreter enabled
[    0.123720] ACPI: (supports S0 S5)
[    0.123997] ACPI: Using IOAPIC for interrupt routing
[    0.124083] PCI: Using host bridge windows from ACPI; if necessary, use "pci=nocrs" and report a bug
[    0.124808] ACPI: Enabled 2 GPEs in block 00 to 07
[    0.127135] ACPI: PCI Root Bridge [PCI0] (domain 0000 [bus 00-ff])
[    0.127589] acpi PNP0A03:00: _OSC: OS supports [ExtendedConfig ASPM ClockPM Segments MSI]
[    0.128344] acpi PNP0A03:00: _OSC: platform does not support [PCIeCapability]
[    0.129028] acpi PNP0A03:00: _OSC: not requesting control; platform does not support [PCIeCapability]
[    0.129706] acpi PNP0A03:00: _OSC: OS requested [PCIeHotplug PME AER PCIeCapability]
[    0.130294] acpi PNP0A03:00: _OSC: platform willing to grant [PCIeHotplug PME AER]
[    0.130877] acpi PNP0A03:00: _OSC failed (AE_SUPPORT); disabling ASPM
[    0.132000] PCI host bridge to bus 0000:00
[    0.132001] pci_bus 0000:00: root bus resource [io  0x0000-0x0cf7 window]
[    0.132486] pci_bus 0000:00: root bus resource [io  0x0d00-0xffff window]
[    0.132982] pci_bus 0000:00: root bus resource [mem 0x000a0000-0x000bffff window]
[    0.133578] pci_bus 0000:00: root bus resource [mem 0x40000000-0xfdffffff window]
[    0.134159] pci_bus 0000:00: root bus resource [bus 00-ff]
[    0.135256] pci 0000:00:01.1: legacy IDE quirk: reg 0x10: [io  0x01f0-0x01f7]
[    0.135778] pci 0000:00:01.1: legacy IDE quirk: reg 0x14: [io  0x03f6]
[    0.136000] pci 0000:00:01.1: legacy IDE quirk: reg 0x18: [io  0x0170-0x0177]
[    0.136001] pci 0000:00:01.1: legacy IDE quirk: reg 0x1c: [io  0x0376]
[    0.140134] pci 0000:00:07.0: quirk: [io  0x4000-0x403f] claimed by PIIX4 ACPI
[    0.140719] pci 0000:00:07.0: quirk: [io  0x4100-0x410f] claimed by PIIX4 SMB
[    0.143592] ACPI: PCI Interrupt Link [LNKA] (IRQs 5 9 10 *11)
[    0.144143] ACPI: PCI Interrupt Link [LNKB] (IRQs 5 9 *10 11)
[    0.144622] ACPI: PCI Interrupt Link [LNKC] (IRQs 5 *9 10 11)
[    0.145090] ACPI: PCI Interrupt Link [LNKD] (IRQs 5 9 10 *11)
[    0.145693] SCSI subsystem initialized
[    0.148021] pci 0000:00:02.0: vgaarb: setting as boot VGA device
[    0.148475] pci 0000:00:02.0: vgaarb: VGA device added: decodes=io+mem,owns=io+mem,locks=none
[    0.149127] pci 0000:00:02.0: vgaarb: bridge control possible
[    0.149558] vgaarb: loaded
[    0.149812] ACPI: bus type USB registered
[    0.150143] usbcore: registered new interface driver usbfs
[    0.150563] usbcore: registered new interface driver hub
[    0.150969] usbcore: registered new device driver usb
[    0.151392] EDAC MC: Ver: 3.0.0
[    0.151392] PCI: Using ACPI for IRQ routing
[    0.151392] NetLabel: Initializing
[    0.151392] NetLabel:  domain hash size = 128
[    0.151392] NetLabel:  protocols = UNLABELED CIPSOv4 CALIPSO
[    0.151392] NetLabel:  unlabeled traffic allowed by default
[    0.152030] clocksource: Switched to clocksource kvm-clock
[    0.156653] VFS: Disk quotas dquot_6.6.0
[    0.157007] VFS: Dquot-cache hash table entries: 512 (order 0, 4096 bytes)
[    0.157582] AppArmor: AppArmor Filesystem Enabled
[    0.157960] pnp: PnP ACPI init
[    0.158589] pnp: PnP ACPI: found 3 devices
[    0.164883] clocksource: acpi_pm: mask: 0xffffff max_cycles: 0xffffff, max_idle_ns: 2085701024 ns
[    0.165607] NET: Registered protocol family 2
[    0.165999] IP idents hash table entries: 16384 (order: 5, 131072 bytes)
[    0.166798] TCP established hash table entries: 8192 (order: 4, 65536 bytes)
[    0.167331] TCP bind hash table entries: 8192 (order: 5, 131072 bytes)
[    0.167834] TCP: Hash tables configured (established 8192 bind 8192)
[    0.168336] UDP hash table entries: 512 (order: 2, 16384 bytes)
[    0.168798] UDP-Lite hash table entries: 512 (order: 2, 16384 bytes)
[    0.169294] NET: Registered protocol family 1
[    0.169658] pci 0000:00:00.0: Limiting direct PCI/PCI transfers
[    0.170121] pci 0000:00:01.0: Activating ISA DMA hang workarounds
[    0.170614] pci 0000:00:02.0: Video device with shadowed ROM at [mem 0x000c0000-0x000dffff]
[    0.171319] Unpacking initramfs...
[    0.327561] Freeing initrd memory: 20396K
[    0.327951] clocksource: tsc: mask: 0xffffffffffffffff max_cycles: 0x3de8ce9f4c0, max_idle_ns: 440795391740 ns
[    0.328748] platform rtc_cmos: registered platform RTC device (no PNP device found)
[    0.329364] Scanning for low memory corruption every 60 seconds
[    0.330180] Initialise system trusted keyrings
[    0.330599] Key type blacklist registered
[    0.331004] workingset: timestamp_bits=36 max_order=18 bucket_order=0
[    0.331844] zbud: loaded
[    0.332322] squashfs: version 4.0 (2009/01/31) Phillip Lougher
[    0.332862] fuse init (API version 7.26)
[    0.333974] Key type asymmetric registered
[    0.334350] Asymmetric key parser 'x509' registered
[    0.334758] Block layer SCSI generic (bsg) driver version 0.4 loaded (major 246)
[    0.335377] io scheduler noop registered
[    0.335704] io scheduler deadline registered
[    0.336055] io scheduler cfq registered (default)
[    0.336589] ACPI: AC Adapter [AC] (on-line)
[    0.336953] input: Power Button as /devices/LNXSYSTM:00/LNXPWRBN:00/input/input0
[    0.337567] ACPI: Power Button [PWRF]
[    0.337897] input: Sleep Button as /devices/LNXSYSTM:00/LNXSLPBN:00/input/input1
[    0.338488] ACPI: Sleep Button [SLPF]
[    0.338921] Serial: 8250/16550 driver, 32 ports, IRQ sharing enabled
[    0.359594] 00:02: ttyS0 at I/O 0x3f8 (irq = 4, base_baud = 115200) is a 16550A
[    0.360906] Linux agpgart interface v0.103
[    0.361720] loop: module loaded
[    0.362219] scsi host0: ata_piix
[    0.362554] scsi host1: ata_piix
[    0.362844] ata1: PATA max UDMA/33 cmd 0x1f0 ctl 0x3f6 bmdma 0xd000 irq 14
[    0.363351] ata2: PATA max UDMA/33 cmd 0x170 ctl 0x376 bmdma 0xd008 irq 15
[    0.363877] tun: Universal TUN/TAP device driver, 1.6
[    0.364283] PPP generic driver version 2.4.2
[    0.364642] ehci_hcd: USB 2.0 'Enhanced' Host Controller (EHCI) Driver
[    0.365117] ehci-pci: EHCI PCI platform driver
[    0.365468] ehci-platform: EHCI generic platform driver
[    0.365869] ohci_hcd: USB 1.1 'Open' Host Controller (OHCI) Driver
[    0.366325] ohci-pci: OHCI PCI platform driver
[    0.366673] ohci-platform: OHCI generic platform driver
[    0.367067] uhci_hcd: USB Universal Host Controller Interface driver
[    0.367547] i8042: PNP: PS/2 Controller [PNP0303:PS2K,PNP0f03:PS2M] at 0x60,0x64 irq 1,12
[    0.368511] serio: i8042 KBD port at 0x60,0x64 irq 1
[    0.368899] serio: i8042 AUX port at 0x60,0x64 irq 12
[    0.369341] mousedev: PS/2 mouse device common for all mice
[    0.369910] input: AT Translated Set 2 keyboard as /devices/platform/i8042/serio0/input/input2
[    0.370760] rtc_cmos rtc_cmos: rtc core: registered rtc_cmos as rtc0
[    0.371254] rtc_cmos rtc_cmos: alarms up to one day, 114 bytes nvram
[    0.371732] i2c /dev entries driver
[    0.372035] device-mapper: uevent: version 1.0.3
[    0.372446] device-mapper: ioctl: 4.37.0-ioctl (2017-09-20) initialised: dm-devel@redhat.com
[    0.373105] ledtrig-cpu: registered to indicate activity on CPUs
[    0.373694] NET: Registered protocol family 10
[    0.375592] Segment Routing with IPv6
[    0.375936] NET: Registered protocol family 17
[    0.376320] Key type dns_resolver registered
[    0.376767] mce: Using 0 MCE banks
[    0.377065] RAS: Correctable Errors collector initialized.
[    0.377497] sched_clock: Marking stable (376756828, 0)->(485869784, -109112956)
[    0.378202] registered taskstats version 1
[    0.378550] Loading compiled-in X.509 certificates
[    0.379780] Loaded X.509 cert 'Build time autogenerated kernel key: cdc7189136aaa35407544516090e2034d9c28e14'
[    0.380768] Loaded X.509 cert 'Canonical Ltd. Live Patch Signing: 14df34d1a87cf37625abec039ef2bf521249b969'
[    0.381732] Loaded X.509 cert 'Canonical Ltd. Kernel Module Signing: 88f752e560a1e0737e31163a466ad7b70a850c19'
[    0.382479] blacklist: Loading compiled-in revocation X.509 certificates
[    0.382979] Loaded X.509 cert 'Canonical Ltd. Secure Boot Signing: 61482aa2830d0ab2ad5af10b7250da9033ddcef0'
[    0.383701] Loaded X.509 cert 'Canonical Ltd. Secure Boot Signing (2017): 242ade75ac4a15e50d50c84b0d45ff3eae707a03'
[    0.384471] Loaded X.509 cert 'Canonical Ltd. Secure Boot Signing (ESM 2018): 365188c1d374d6b07c3c8f240f8ef722433d6a8b'
[    0.385266] Loaded X.509 cert 'Canonical Ltd. Secure Boot Signing (2019): c0746fd6c5da3ae827864651ad66ae47fe24b3e8'
[    0.386041] Loaded X.509 cert 'Canonical Ltd. Secure Boot Signing (2021 v1): a8d54bbb3825cfb94fa13c9f8a594a195c107b8d'
[    0.386825] Loaded X.509 cert 'Canonical Ltd. Secure Boot Signing (2021 v2): 4cf046892d6fd3c9a5b03f98d845f90851dc6a8c'
[    0.387611] Loaded X.509 cert 'Canonical Ltd. Secure Boot Signing (2021 v3): 100437bb6de6e469b581e61cd66bce3ef4ed53af'
[    0.388394] Loaded X.509 cert 'Canonical Ltd. Secure Boot Signing (Ubuntu Core 2019): c1d57b8f6b743f23ee41f4f7ee292f06eecadfb9'
[    0.389242] zswap: loaded using pool lzo/zbud
[    0.390804] Key type big_key registered
[    0.391121] Key type trusted registered
[    0.391998] Key type encrypted registered
[    0.392353] AppArmor: AppArmor sha1 policy hashing enabled
[    0.392777] ima: No TPM chip found, activating TPM-bypass! (rc=-19)
[    0.393262] ima: Allocated hash algorithm: sha1
[    0.393638] evm: HMAC attrs: 0x1
[    0.394031]   Magic number: 1:169:335
[    0.394356] tty tty56: hash matches
[    0.394705] rtc_cmos rtc_cmos: setting system clock to 2025-07-04 15:20:02 UTC (1751642402)
[    0.395416] BIOS EDD facility v0.16 2004-Jun-25, 0 devices found
[    0.395872] EDD information not available.
[    1.197217] Freeing unused kernel image memory: 2480K
[    1.356981] Write protecting the kernel read-only data: 20480k
[    1.357762] Freeing unused kernel image memory: 2008K
[    1.358434] Freeing unused kernel image memory: 1820K
[    1.361394] x86/mm: Checked W+X mappings: passed, no W+X pages found.
Loading, please wait...
starting version 237
[    1.385286] e1000: Intel(R) PRO/1000 Network Driver - version 7.3.21-k8-NAPI
[    1.385851] e1000: Copyright (c) 1999-2006 Intel Corporation.
[    1.388919] Fusion MPT base driver 3.04.20
[    1.389317] Copyright (c) 1999-2008 LSI Corporation
[    1.392841] Fusion MPT SPI Host driver 3.04.20
[    1.397724] AVX2 version of gcm_enc/dec engaged.
[    1.398133] AES CTR mode by8 optimization enabled
[    1.600323] input: ImExPS/2 Generic Explorer Mouse as /devices/platform/i8042/serio1/input/input4
[    2.239645] e1000 0000:00:03.0 eth0: (PCI:33MHz:32-bit) 02:3b:7b:b7:3b:2d
[    2.240215] e1000 0000:00:03.0 eth0: Intel(R) PRO/1000 Network Connection
[    3.111857] e1000 0000:00:08.0 eth1: (PCI:33MHz:32-bit) 08:00:27:77:77:a4
[    3.112434] e1000 0000:00:08.0 eth1: Intel(R) PRO/1000 Network Connection
[    3.113547] e1000 0000:00:08.0 enp0s8: renamed from eth1
[    3.114902] mptbase: ioc0: Initiating bringup
[    3.128559] e1000 0000:00:03.0 enp0s3: renamed from eth0
[    3.225191] ioc0: LSI53C1030 A0: Capabilities={Initiator}
[    3.465572] scsi host2: ioc0: LSI53C1030 A0, FwRev=00000000h, Ports=1, MaxQ=256, IRQ=20
[    5.343194] scsi 2:0:0:0: Direct-Access     VBOX     HARDDISK         1.0  PQ: 0 ANSI: 5
[    5.440057] scsi target2:0:0: Beginning Domain Validation
[    5.441037] scsi target2:0:0: Domain Validation skipping write tests
[    5.441545] scsi target2:0:0: Ending Domain Validation
[    5.441986] scsi target2:0:0: asynchronous
[    5.442516] scsi 2:0:1:0: Direct-Access     VBOX     HARDDISK         1.0  PQ: 0 ANSI: 5
[    5.592360] scsi target2:0:1: Beginning Domain Validation
[    5.593277] scsi target2:0:1: Domain Validation skipping write tests
[    5.593777] scsi target2:0:1: Ending Domain Validation
[    5.594210] scsi target2:0:1: asynchronous
[    5.595761] sd 2:0:0:0: Attached scsi generic sg0 type 0
[    5.596306] sd 2:0:0:0: [sda] 83886080 512-byte logical blocks: (42.9 GB/40.0 GiB)
[    5.596380] sd 2:0:1:0: [sdb] 20480 512-byte logical blocks: (10.5 MB/10.0 MiB)
[    5.597009] sd 2:0:1:0: Attached scsi generic sg1 type 0
[    5.597557] sd 2:0:0:0: [sda] Write Protect is off
[    5.598406] sd 2:0:1:0: [sdb] Write Protect is off
[    5.598827] sd 2:0:0:0: [sda] Incomplete mode parameter data
[    5.598850] sd 2:0:1:0: [sdb] Incomplete mode parameter data
[    5.599309] sd 2:0:0:0: [sda] Assuming drive cache: write through
[    5.599755] sd 2:0:1:0: [sdb] Assuming drive cache: write through
[    5.601627]  sda: sda1
[    5.602143] sd 2:0:0:0: [sda] Attached SCSI disk
[    5.602179] sd 2:0:1:0: [sdb] Attached SCSI disk
Begin: Loading essential drivers ... [    6.920405] raid6: sse2x1   gen() 15491 MB/s
[    6.968400] raid6: sse2x1   xor() 13620 MB/s
[    7.016361] raid6: sse2x2   gen() 20984 MB/s
[    7.064396] raid6: sse2x2   xor() 14610 MB/s
[    7.112392] raid6: sse2x4   gen() 28610 MB/s
[    7.160392] raid6: sse2x4   xor() 17285 MB/s
[    7.208389] raid6: avx2x1   gen() 37663 MB/s
[    7.256387] raid6: avx2x1   xor() 25665 MB/s
[    7.304385] raid6: avx2x2   gen() 44844 MB/s
[    7.352382] raid6: avx2x2   xor() 27311 MB/s
[    7.400380] raid6: avx2x4   gen() 54329 MB/s
[    7.448377] raid6: avx2x4   xor() 32208 MB/s
[    7.448764] raid6: using algorithm avx2x4 gen() 54329 MB/s
[    7.449216] raid6: .... xor() 32208 MB/s, rmw enabled
[    7.449626] raid6: using avx2x2 recovery algorithm
[    7.450401] xor: automatically using best checksumming function   avx       
[    7.451271] async_tx: api initialized (async)
done.
Begin: Running /scripts/init-premount ... done.
Begin: Mounting root file system ... Begin: Running /scripts/local-top ... done.
Begin: Running /scripts/local-premount ... [    7.468975] Btrfs loaded, crc32c=crc32c-intel
Scanning for Btrfs filesystems
done.
Begin: Will now check root file system ... fsck from util-linux 2.31.1
[/sbin/fsck.ext4 (1) -- /dev/sda1] fsck.ext4 -a -C0 /dev/sda1 
cloudimg-rootfs: recovering journal
cloudimg-rootfs: Clearing orphaned inode 544543 (uid=999, gid=999, mode=0100600, size=0)
cloudimg-rootfs: Clearing orphaned inode 544542 (uid=999, gid=999, mode=0100600, size=0)
cloudimg-rootfs: Clearing orphaned inode 544537 (uid=999, gid=999, mode=0100600, size=0)
cloudimg-rootfs: Clearing orphaned inode 544536 (uid=999, gid=999, mode=0100600, size=0)
cloudimg-rootfs: clean, 128583/5120000 files, 1198917/10485499 blocks
done.
[    7.498744] EXT4-fs (sda1): mounted filesystem with ordered data mode. Opts: (null)
done.
Begin: Running /scripts/local-bottom ... done.
Begin: Running /scripts/init-bottom ... done.
[    7.604877] ip_tables: (C) 2000-2006 Netfilter Core Team
[    7.609901] systemd[1]: systemd 237 running in system mode. (+PAM +AUDIT +SELINUX +IMA +APPARMOR +SMACK +SYSVINIT +UTMP +LIBCRYPTSETUP +GCRYPT +GNUTLS +ACL +XZ +LZ4 +SECCOMP +BLKID +ELFUTILS +KMOD -IDN2 +IDN -PCRE2 default-hierarchy=hybrid)
[    7.611524] systemd[1]: Detected virtualization oracle.
[    7.611944] systemd[1]: Detected architecture x86-64.

Welcome to [1mUbuntu 18.04.6 LTS[0m!

[    7.615727] systemd[1]: Set hostname to <node-3>.
[    7.766961] systemd[1]: Reached target Swap.
[[0;32m  OK  [0m] Reached target Swap.
[    7.767556] systemd[1]: Reached target Mounting snaps.
[[0;32m  OK  [0m] Reached target Mounting snaps.
[    7.768178] systemd[1]: Reached target Mounted snaps.
[[0;32m  OK  [0m] Reached target Mounted snaps.
[    7.769253] systemd[1]: Created slice System Slice.
[[0;32m  OK  [0m] Created slice System Slice.
[    7.769850] systemd[1]: Listening on LVM2 metadata daemon socket.
[[0;32m  OK  [0m] Listening on LVM2 metadata daemon socket.
[    7.770620] systemd[1]: Created slice system-serial\x2dgetty.slice.
[[0;32m  OK  [0m] Created slice system-serial\x2dgetty.slice.
[[0;32m  OK  [0m] Listening on Network Service Netlink Socket.
[[0;32m  OK  [0m] Listening on LVM2 poll daemon socket.
[[0;32m  OK  [0m] Listening on udev Control Socket.
[[0;32m  OK  [0m] Listening on fsck to fsckd communication Socket.
[[0;32m  OK  [0m] Listening on udev Kernel Socket.
[[0;32m  OK  [0m] Listening on Device-mapper event daemon FIFOs.
[[0;32m  OK  [0m] Listening on Journal Socket.
         Mounting POSIX Message Queue File System...
         Mounting Huge Pages File System...
         Starting Create list of required st…ce nodes for the current kernel...
         Mounting Kernel Debug File System...
         Starting Set the console keyboard layout...
         Starting Remount Root and Kernel File Systems...
         Starting Load Kernel Modules...
[[0;32m  OK  [0m] Listening on /dev/initctl Compatibility Named Pipe.
[[0;32m  OK  [0m] Listening on Journal Socket (/dev/log).
[[0;32m  OK  [0m] Listening on Journal Audit Socket.
[[0;32m  OK  [0m] Listening on Syslog Socket.
         Starting Journal Service...
         Starting Uncomplicated firewall...
[[0;32m  OK  [0m] Created slice User and Session Slice.
[[0;32m  OK  [0m] Reached target Slices.
         Starting udev Coldplug all Devices...
[[0;32m  OK  [0m] Reached target System Time Synchronized.
[[0;32m  OK  [0m] Reached target User and Group Name Lookups.
[[0;32m  OK  [0m] Started Forward Password Requests to Wall Directory Watch.
[[0;32m  OK  [0m] Set up automount Arbitrary Executab…rmats File System Automount Point.
         Starting Monitoring of LVM2 mirrors…ng dmeventd or progress polling...
[[0;32m  OK  [0m] Mounted POSIX Message Queue File System.
[[0;32m  OK  [0m] Mounted Huge Pages File System.
[[0;32m  OK  [0m] Started Create list of required sta…vice nodes for the current kernel.
[[0;32m  OK  [0m] Mounted Kernel Debug File System.
         Starting Create Static Device Nodes in /dev...
[[0;32m  OK  [0m] Started udev Coldplug all Devices.
[    7.812646] Loading iSCSI transport class v2.0-870.
[    7.815633] iscsi: registered transport (tcp)
[    7.823036] iscsi: registered transport (iser)
[[0;32m  OK  [0m] Started Load Kernel Modules.
         Starting Apply Kernel Variables...
         Mounting Kernel Configuration File System...
         Mounting FUSE Control File System...
[[0;32m  OK  [0m] Mounted Kernel Configuration File System.
[[0;32m  OK  [0m] Mounted FUSE Control File System.
[[0;32m  OK  [0m] Started Uncomplicated firewall.
[[0;32m  OK  [0m] Started Journal Service.
[[0;32m  OK  [0m] Started LVM2 metadata daemon.
[[0;32m  OK  [0m] Started Create Static Device Nodes in /dev.
[    7.869647] EXT4-fs (sda1): re-mounted. Opts: (null)
[[0;32m  OK  [0m] Started Remount Root and Kernel File Systems.
         Starting Load/Save Random Seed...
         Starting udev Kernel Device Manager...
         Starting Flush Journal to Persistent Storage...
[[0;32m  OK  [0m] Started Load/Save Random Seed.
[[0;32m  OK  [0m] Started Monitoring of LVM2 mirrors,…sing dmeventd or progress polling.
[[0;32m  OK  [0m] Started udev Kernel Device Manager.
[[0;32m  OK  [0m] Started Apply Kernel Variables.
[[0;32m  OK  [0m] Started Set the console keyboard layout.
[[0;32m  OK  [0m] Reached target Local File Systems (Pre).
[[0;32m  OK  [0m] Reached target Local File Systems.
         Starting Set console font and keymap...
         Starting ebtables ruleset management...
         Starting AppArmor initialization...
         Starting Tell Plymouth To Write Out Runtime Data...
[[0;32m  OK  [0m] Started Dispatch Password Requests to Console Directory Watch.
[[0;32m  OK  [0m] Reached target Local Encrypted Volumes.
[[0;32m  OK  [0m] Started Set console font and keymap.
[[0;32m  OK  [0m] Started Tell Plymouth To Write Out Runtime Data.
[[0;32m  OK  [0m] Found device /dev/ttyS0.
[[0;32m  OK  [0m] Started Flush Journal to Persistent Storage.
         Starting Create Volatile Files and Directories...
[[0;32m  OK  [0m] Started ebtables ruleset management.
[[0;32m  OK  [0m] Started Create Volatile Files and Directories.
         Starting Update UTMP about System Boot/Shutdown...
[[0;32m  OK  [0m] Started Update UTMP about System Boot/Shutdown.
[[0;32m  OK  [0m] Listening on Load/Save RF Kill Switch Status /dev/rfkill Watch.
[[0;32m  OK  [0m] Started AppArmor initialization.
         Starting Load AppArmor profiles managed internally by snapd...
         Starting Initial cloud-init job (pre-networking)...
         Mounting Arbitrary Executable File Formats File System...
[[0;32m  OK  [0m] Mounted Arbitrary Executable File Formats File System.
[[0;32m  OK  [0m] Started Load AppArmor profiles managed internally by snapd.
[    8.769895] cloud-init[574]: Cloud-init v. 23.1.2-0ubuntu0~18.04.1 running 'init-local' at Fri, 04 Jul 2025 15:20:10 +0000. Up 8.68 seconds.
[[0;32m  OK  [0m] Started Initial cloud-init job (pre-networking).
[[0;32m  OK  [0m] Reached target Network (Pre).
         Starting Network Service...
[[0;32m  OK  [0m] Started Network Service.
         Starting Network Name Resolution...
         Starting Wait for Network to be Configured...
[[0;32m  OK  [0m] Started Network Name Resolution.
[[0;32m  OK  [0m] Reached target Host and Network Name Lookups.
[[0;32m  OK  [0m] Reached target Network.
[[0;32m  OK  [0m] Started Wait for Network to be Configured.
         Starting Initial cloud-init job (metadata service crawler)...
[   10.400312] cloud-init[696]: Cloud-init v. 23.1.2-0ubuntu0~18.04.1 running 'init' at Fri, 04 Jul 2025 15:20:12 +0000. Up 10.34 seconds.
[   10.401016] cloud-init[696]: ci-info: +++++++++++++++++++++++++++++++++++++++++++Net device info++++++++++++++++++++++++++++++++++++++++++++
[   10.401494] cloud-init[696]: ci-info: +--------+------+---------------------------------------+---------------+--------+-------------------+
[   10.401946] cloud-init[696]: ci-info: | Device |  Up  |                Address                |      Mask     | Scope  |     Hw-Address    |
[   10.402467] cloud-init[696]: ci-info: +--------+------+---------------------------------------+---------------+--------+-------------------+
[   10.402984] cloud-init[696]: ci-info: | enp0s3 | True |               10.0.2.15               | 255.255.255.0 | global | 02:3b:7b:b7:3b:2d |
[   10.403509] cloud-init[696]: ci-info: | enp0s3 | True | fd17:625c:f037:2:3b:7bff:feb7:3b2d/64 |       .       | global | 02:3b:7b:b7:3b:2d |
[   10.404005] cloud-init[696]: ci-info: | enp0s3 | True |       fe80::3b:7bff:feb7:3b2d/64      |       .       |  link  | 02:3b:7b:b7:3b:2d |
[   10.404537] cloud-init[696]: ci-info: | enp0s8 | True |             192.168.56.13             | 255.255.255.0 | global | 08:00:27:77:77:a4 |
[   10.405128] cloud-init[696]: ci-info: | enp0s8 | True |      fe80::a00:27ff:fe77:77a4/64      |       .       |  link  | 08:00:27:77:77:a4 |
[   10.405761] cloud-init[696]: ci-info: |   lo   | True |               127.0.0.1               |   255.0.0.0   |  host  |         .         |
[   10.406331] cloud-init[696]: ci-info: |   lo   | True |                ::1/128                |       .       |  host  |         .         |
[   10.406922] cloud-init[696]: ci-info: +--------+------+---------------------------------------+---------------+--------+-------------------+
[   10.407465] cloud-init[696]: ci-info: +++++++++++++++++++++++++++++Route IPv4 info+++++++++++++++++++++++++++++
[   10.407962] cloud-init[696]: ci-info: +-------+--------------+----------+-----------------+-----------+-------+
[   10.408469] cloud-init[696]: ci-info: | Route | Destination  | Gateway  |     Genmask     | Interface | Flags |
[   10.408949] cloud-init[696]: ci-info: +-------+--------------+----------+-----------------+-----------+-------+
[   10.409445] cloud-init[696]: ci-info: |   0   |   0.0.0.0    | 10.0.2.2 |     0.0.0.0     |   enp0s3  |   UG  |
[   10.409931] cloud-init[696]: ci-info: |   1   |   10.0.2.0   | 0.0.0.0  |  255.255.255.0  |   enp0s3  |   U   |
[   10.410796] cloud-init[696]: ci-info: |   2   |   10.0.2.2   | 0.0.0.0  | 255.255.255.255 |   enp0s3  |   UH  |
[   10.411304] cloud-init[696]: ci-info: |   3   | 192.168.56.0 | 0.0.0.0  |  255.255.255.0  |   enp0s8  |   U   |
[   10.411782] cloud-init[696]: ci-info: +-------+--------------+----------+-----------------+-----------+-------+
[   10.412287] cloud-init[696]: ci-info: ++++++++++++++++++++++++Route IPv6 info++++++++++++++++++++++++
[   10.412747] cloud-init[696]: ci-info: +-------+-----------------------+---------+-----------+-------+
[   10.413204] cloud-init[696]: ci-info: | Route |      Destination      | Gateway | Interface | Flags |
[   10.413668] cloud-init[696]: ci-info: +-------+-----------------------+---------+-----------+-------+
[   10.414121] cloud-init[696]: ci-info: |   1   | fd17:625c:f037:2::/64 |    ::   |   enp0s3  |   U   |
[   10.414568] cloud-init[696]: ci-info: |   2   |       fe80::/64       |    ::   |   enp0s8  |   U   |
[   10.415034] cloud-init[696]: ci-info: |   3   |       fe80::/64       |    ::   |   enp0s3  |   U   |
[   10.415477] cloud-init[696]: ci-info: |   4   |          ::/0         | fe80::2 |   enp0s3  |   UG  |
[   10.415933] cloud-init[696]: ci-info: |   6   |         local         |    ::   |   enp0s3  |   U   |
[   10.416393] cloud-init[696]: ci-info: |   7   |         local         |    ::   |   enp0s8  |   U   |
[   10.416844] cloud-init[696]: ci-info: |   8   |        ff00::/8       |    ::   |   enp0s8  |   U   |
[   10.417290] cloud-init[696]: ci-info: |   9   |        ff00::/8       |    ::   |   enp0s3  |   U   |
[   10.417739] cloud-init[696]: ci-info: +-------+-----------------------+---------+-----------+-------+
[[0;32m  OK  [0m] Started Initial cloud-init job (metadata service crawler).
[[0;32m  OK  [0m] Reached target Network is Online.
[[0;32m  OK  [0m] Reached target Remote File Systems (Pre).
         Starting Availability of block devices...
         Mounting /vagrant...
[[0;32m  OK  [0m] Reached target Cloud-config availability.
[[0;32m  OK  [0m] Reached target System Initialization.
[[0;32m  OK  [0m] Started Daily Cleanup of Temporary Directories.
[[0;32m  OK  [0m] Started Ubuntu Advantage Timer for running repeated jobs.
[[0;32m  OK  [0m] Listening on UUID daemon activation socket.
         Starting Socket activation for snappy daemon.
         Starting LXD - unix socket.
[[0;32m  OK  [0m] Started ACPI Events Check.
[[0;32m  OK  [0m] Started Message of the Day.
         Starting Docker Socket for the API.
[[0;32m  OK  [0m] Reached target Paths.
[[0;32m  OK  [0m] Listening on cloud-init hotplug hook socket.
[[0;32m  OK  [0m] Started Daily apt download activities.
[[0;32m  OK  [0m] Listening on D-Bus System Message Bus Socket.
[[0;32m  OK  [0m] Listening on ACPID Listen Socket.
[[0;32m  OK  [0m] Started Daily apt upgrade and clean activities.
[[0;32m  OK  [0m] Started Discard unused blocks once a week.
[[0;32m  OK  [0m] Reached target Timers.
[[0;32m  OK  [0m] Listening on Open-iSCSI iscsid Socket.
[[0;32m  OK  [0m] Listening on Socket activation for snappy daemon.
[[0;32m  OK  [0m] Listening on LXD - unix socket.
[[0;32m  OK  [0m] Listening on Docker Socket for the API.
[[0;32m  OK  [0m] Reached target Sockets.
[[0;32m  OK  [0m] Reached target Basic System.
         Starting LSB: Record successful boot for GRUB...
[[0;32m  OK  [0m] Started Deferred execution scheduler.
[[0;32m  OK  [0m] Started Regular background program processing daemon.
         Starting Message of the Day...
[[0;32m  OK  [0m] Started D-Bus System Message Bus.
         Starting Dispatcher daemon for systemd-networkd...
         Starting Login Service...
         Starting Virtualbox guest utils...
         Starting OpenBSD Secure Shell server...
[[0;32m  OK  [0m] Started FUSE filesystem for LXC.
         Starting System Logging Service...
[[0;32m  OK  [0m] Reached target Login Prompts (Pre).
         Starting Accounts Service...
[[0;32m  OK  [0m] Started irqbalance daemon.
         Starting LXD - container startup/shutdown...
         Starting Snap Daemon...
         Starting containerd container runtime...
[[0;32m  OK  [0m] Started Availability of block devices.
[[0;32m  OK  [0m] Mounted /vagrant.
         Starting Hostname Service...
[[0;32m  OK  [0m] Reached target Remote File Systems.
         Starting LSB: automatic crash report generation...
         Starting Permit User Sessions...
[[0;32m  OK  [0m] Started OpenBSD Secure Shell server.
[[0;32m  OK  [0m] Started System Logging Service.
[[0;32m  OK  [0m] Started Login Service.
[[0;32m  OK  [0m] Started Unattended Upgrades Shutdown.
[[0;32m  OK  [0m] Started Permit User Sessions.
         Starting Terminate Plymouth Boot Screen...
         Starting Hold until boot process finishes up...
[[0;32m  OK  [0m] Started Hold until boot process finishes up.
         Starting Set console scheme...
[[0;32m  OK  [0m] Started Serial Getty on ttyS0.
[[0;32m  OK  [0m] Started Terminate Plymouth Boot Screen.
[[0;32m  OK  [0m] Started Hostname Service.
[[0;32m  OK  [0m] Started Virtualbox guest utils.
[[0;32m  OK  [0m] Started Set console scheme.
[[0;32m  OK  [0m] Created slice system-getty.slice.
[[0;32m  OK  [0m] Started Getty on tty1.
[[0;32m  OK  [0m] Reached target Login Prompts.
         Starting Authorization Manager...
[[0;32m  OK  [0m] Started LSB: Record successful boot for GRUB.
[[0;32m  OK  [0m] Started Authorization Manager.
[[0;32m  OK  [0m] Started LSB: automatic crash report generation.
[[0;32m  OK  [0m] Started Accounts Service.
[[0;32m  OK  [0m] Started LXD - container startup/shutdown.
[[0;32m  OK  [0m] Started Dispatcher daemon for systemd-networkd.
[[0;32m  OK  [0m] Started containerd container runtime.
         Starting Docker Application Container Engine...
[[0;32m  OK  [0m] Started Snap Daemon.
         Starting Wait until snapd is fully seeded...
         Starting Time & Date Service...
[[0;32m  OK  [0m] Started Time & Date Service.
[[0;32m  OK  [0m] Started Wait until snapd is fully seeded.
         Starting Apply the settings specified in cloud-config...
[   11.868289] cloud-init[1297]: Cloud-init v. 23.1.2-0ubuntu0~18.04.1 running 'modules:config' at Fri, 04 Jul 2025 15:20:13 +0000. Up 11.82 seconds.
[[0;32m  OK  [0m] Started Apply the settings specified in cloud-config.
[[0;32m  OK  [0m] Created slice User Slice of vagrant.
         Starting User Manager for UID 1000...
[[0;32m  OK  [0m] Started Session 1 of user vagrant.
[[0;32m  OK  [0m] Started User Manager for UID 1000.
[[0;32m  OK  [0m] Started Docker Application Container Engine.
[[0;32m  OK  [0m] Reached target Multi-User System.
[[0;32m  OK  [0m] Reached target Graphical Interface.
         Starting Update UTMP about System Runlevel Changes...
         Starting Execute cloud user/final scripts...
[[0;32m  OK  [0m] Started Update UTMP about System Runlevel Changes.
[   13.918646] cloud-init[1602]: Cloud-init v. 23.1.2-0ubuntu0~18.04.1 running 'modules:final' at Fri, 04 Jul 2025 15:20:15 +0000. Up 13.84 seconds.
[   13.919245] cloud-init[1602]: Cloud-init v. 23.1.2-0ubuntu0~18.04.1 finished at Fri, 04 Jul 2025 15:20:16 +0000. Datasource DataSourceNoCloud [seed=/dev/sdb][dsmode=net].  Up 13.91 seconds
[[0;32m  OK  [0m] Started Execute cloud user/final scripts.
[[0;32m  OK  [0m] Reached target Cloud-init target.
         Starting Daily apt download activities...
         Starting Update APT News...
         Starting Update the local ESM caches...
[[0;32m  OK  [0m] Started Update APT News.

Ubuntu 18.04.6 LTS node-3 ttyS0

node-3 login: 